// Jest Snapshot v1, https://goo.gl/fbAQLP

exports[`Loader should render correctly 1`] = `
<div
  className="Loader__wrap"
>
  <img
    alt="logo"
    className="Loader__logo"
    src="BY_OUTgnFUs.jpg"
  />
</div>
`;
