// Jest Snapshot v1, https://goo.gl/fbAQLP

exports[`Footer should render correctly 1`] = `
<div
  className="Footer__bg"
>
  <Container
    as="div"
    className="Footer"
    fluid={false}
  >
    <Bootstrap(Row)
      className="Footer__wrap"
    >
      <Col
        as="div"
        className="Footer__coop"
        lg={4}
        md={4}
        xl={4}
      >
        <a
          href="mailto:electricindiansband@gmail.com"
        >
          electricindiansband@gmail.com
        </a>
      </Col>
      <Col
        as="div"
        className="Footer__social"
        lg={4}
        md={4}
        xl={4}
      >
        <div
          className="Footer__social-wrap"
        >
          <a
            href="https://www.instagram.com/electricindians/"
            key="Instagram"
            target="blank"
          >
            <img
              alt="Instagram"
              className="Footer__social-icon"
              src="instagram-logo.svg"
            />
          </a>
          <a
            href="https://www.facebook.com/electricindians/"
            key="Facebook"
            target="blank"
          >
            <img
              alt="Facebook"
              className="Footer__social-icon"
              src="facebook-logo-button.svg"
            />
          </a>
          <a
            href="https://vk.com/electricindians"
            key="Vk"
            target="blank"
          >
            <img
              alt="Vk"
              className="Footer__social-icon"
              src="vk-social-logotype.svg"
            />
          </a>
          <a
            href="https://www.youtube.com/channel/UCab_uVuxFhrwyARbotaz4Tg"
            key="Youtube"
            target="blank"
          >
            <img
              alt="Youtube"
              className="Footer__social-icon"
              src="youtube-logotype.svg"
            />
          </a>
          <a
            href="https://electricindians.bandcamp.com/"
            key="Bandcamp"
            target="blank"
          >
            <img
              alt="Bandcamp"
              className="Footer__social-icon"
              src="bandcamp-logo.svg"
            />
          </a>
          <a
            href="https://twitter.com/Electricindian2"
            key="Twitter"
            target="blank"
          >
            <img
              alt="Twitter"
              className="Footer__social-icon"
              src="twitter-logo-button.svg"
            />
          </a>
        </div>
      </Col>
      <Col
        as="div"
        className="Footer__year"
        lg={4}
        md={4}
        sm={12}
        xl={4}
      >
        <span
          className="Footer__dev-info-r"
        >
          Electric Indians 2019 Â©
        </span>
      </Col>
    </Bootstrap(Row)>
  </Container>
</div>
`;
