// Jest Snapshot v1, https://goo.gl/fbAQLP

exports[`Welcome should render correctly 1`] = `
ShallowWrapper {
  Symbol(enzyme.__root__): [Circular],
  Symbol(enzyme.__unrendered__): <Connect(Welcome)
    isLoaded={true}
    url="https://firebasestorage.googleapis.com/v0/b/electrâ€¦=media&token=3336a0d6-a7f3-476d-8ff8-b09575f89744"
  />,
  Symbol(enzyme.__renderer__): Object {
    "batchedUpdates": [Function],
    "checkPropTypes": [Function],
    "getNode": [Function],
    "render": [Function],
    "simulateError": [Function],
    "simulateEvent": [Function],
    "unmount": [Function],
  },
  Symbol(enzyme.__node__): Object {
    "instance": null,
    "key": undefined,
    "nodeType": "function",
    "props": Object {
      "children": [Function],
    },
    "ref": null,
    "rendered": [Function],
    "type": Object {
      "$$typeof": Symbol(react.context),
      "_calculateChangedBits": null,
      "_context": Object {
        "$$typeof": Symbol(react.context),
        "Consumer": [Circular],
        "Provider": Object {
          "$$typeof": Symbol(react.provider),
          "_context": [Circular],
        },
        "_calculateChangedBits": null,
        "_currentRenderer": null,
        "_currentRenderer2": null,
        "_currentValue": null,
        "_currentValue2": null,
        "_threadCount": 0,
      },
    },
  },
  Symbol(enzyme.__nodes__): Array [
    Object {
      "instance": null,
      "key": undefined,
      "nodeType": "function",
      "props": Object {
        "children": [Function],
      },
      "ref": null,
      "rendered": [Function],
      "type": Object {
        "$$typeof": Symbol(react.context),
        "_calculateChangedBits": null,
        "_context": Object {
          "$$typeof": Symbol(react.context),
          "Consumer": [Circular],
          "Provider": Object {
            "$$typeof": Symbol(react.provider),
            "_context": [Circular],
          },
          "_calculateChangedBits": null,
          "_currentRenderer": null,
          "_currentRenderer2": null,
          "_currentValue": null,
          "_currentValue2": null,
          "_threadCount": 0,
        },
      },
    },
  ],
  Symbol(enzyme.__options__): Object {
    "adapter": ReactSixteenAdapter {
      "options": Object {
        "enableComponentDidUpdateOnSetState": true,
        "legacyContextMode": "parent",
        "lifecycles": Object {
          "componentDidUpdate": Object {
            "onSetState": true,
          },
          "getChildContext": Object {
            "calledByRenderer": false,
          },
          "getDerivedStateFromProps": Object {
            "hasShouldComponentUpdateBug": false,
          },
          "getSnapshotBeforeUpdate": true,
          "setState": Object {
            "skipsComponentDidUpdateOnNullish": true,
          },
        },
      },
    },
  },
  Symbol(enzyme.__childContext__): null,
}
`;
