// Jest Snapshot v1, https://goo.gl/fbAQLP

exports[`PhotoItem should render correctly 1`] = `
<img
  alt="photoItem"
  className="PhotoItem"
/>
`;
